🚀 멀티 DEX 펀딩비 트래커 시작!
📌 DEX: Hyperliquid, Pacifica, Variational
📌 코인: BTC, ETH, SOL
⚠️ 단일 알림: ±0.01%
💰 차익 알림: 0.02% 이상 차이
⏱️ 체크 간격: 300초

🔍 펀딩비 조회 중... 13:19:25
=======================================================
코인      Hyperliquid     Pacifica  Variational
-------------------------------------------------------
BTC        +0.0013%     +0.0010%     +0.0074%
ETH        +0.0013%     +0.0015%     +0.0100%
SOL        +0.0013%     -0.0004%     -0.0078%
=======================================================
⚠️ 고펀딩: Variational ETH +0.0100%

🔍 펀딩비 조회 중... 13:24:27
=======================================================
코인      Hyperliquid     Pacifica  Variational
-------------------------------------------------------
BTC        +0.0013%     +0.0010%     +0.0072%
ETH        +0.0013%     +0.0015%     +0.0096%
SOL        +0.0013%     -0.0004%     -0.0082%
=======================================================
✅ 특이사항 없음

🔍 펀딩비 조회 중... 13:29:28
=======================================================
코인      Hyperliquid     Pacifica  Variational
-------------------------------------------------------
BTC        +0.0013%     +0.0010%     +0.0070%
ETH        +0.0013%     +0.0015%     +0.0094%
SOL        +0.0013%     -0.0004%     -0.0085%
=======================================================
✅ 특이사항 없음

🔍 펀딩비 조회 중... 13:34:30
=======================================================
코인      Hyperliquid     Pacifica  Variational
-------------------------------------------------------
BTC        +0.0013%     +0.0010%     +0.0067%
ETH        +0.0013%     +0.0015%     +0.0092%
SOL        +0.0013%     -0.0004%     -0.0088%
=======================================================
✅ 특이사항 없음

🔍 펀딩비 조회 중... 13:39:31
=======================================================
코인      Hyperliquid     Pacifica  Variational
-------------------------------------------------------
BTC        +0.0013%     +0.0010%     +0.0067%
ETH        +0.0013%     +0.0015%     +0.0091%
SOL        +0.0013%     -0.0004%     -0.0092%
=======================================================
✅ 특이사항 없음

🔍 펀딩비 조회 중... 13:44:31
=======================================================
코인      Hyperliquid     Pacifica  Variational
-------------------------------------------------------
BTC        +0.0013%     +0.0010%     +0.0068%
ETH        +0.0013%     +0.0015%     +0.0089%
SOL        +0.0013%     -0.0004%     -0.0093%
=======================================================
✅ 특이사항 없음

🔍 펀딩비 조회 중... 13:49:32
=======================================================
코인      Hyperliquid     Pacifica  Variational
-------------------------------------------------------
BTC        +0.0013%     +0.0010%     +0.0072%
ETH        +0.0013%     +0.0015%     +0.0091%
SOL        +0.0013%     -0.0004%     -0.0095%
=======================================================
✅ 특이사항 없음

🔍 펀딩비 조회 중... 13:54:33
=======================================================
코인      Hyperliquid     Pacifica  Variational
-------------------------------------------------------
BTC        +0.0013%     +0.0010%     +0.0072%
ETH        +0.0013%     +0.0015%     +0.0090%
SOL        +0.0013%     -0.0004%     -0.0098%
=======================================================
✅ 특이사항 없음

🔍 펀딩비 조회 중... 13:59:34
=======================================================
코인      Hyperliquid     Pacifica  Variational
-------------------------------------------------------
BTC        +0.0013%     +0.0010%     +0.0073%
ETH        +0.0013%     +0.0015%     +0.0088%
SOL        +0.0013%     -0.0004%     -0.0103%
=======================================================
⚠️ 고펀딩: Variational SOL -0.0103%

🔍 펀딩비 조회 중... 14:04:36
=======================================================
코인      Hyperliquid     Pacifica  Variational
-------------------------------------------------------
BTC        +0.0013%     +0.0015%     +0.0074%
ETH        +0.0013%     +0.0015%     +0.0088%
SOL        +0.0013%     +0.0007%     -0.0104%
=======================================================
⚠️ 고펀딩: Variational SOL -0.0104%

🔍 펀딩비 조회 중... 14:09:38
=======================================================
코인      Hyperliquid     Pacifica  Variational
-------------------------------------------------------
BTC        +0.0013%     +0.0015%     +0.0074%
ETH        +0.0013%     +0.0015%     +0.0087%
SOL        +0.0013%     +0.0007%     -0.0104%
=======================================================
⚠️ 고펀딩: Variational SOL -0.0104%

🔍 펀딩비 조회 중... 14:14:40
=======================================================
코인      Hyperliquid     Pacifica  Variational
-------------------------------------------------------
BTC        +0.0013%     +0.0015%     +0.0075%
ETH        +0.0013%     +0.0015%     +0.0086%
SOL        +0.0013%     +0.0007%     -0.0105%
=======================================================
⚠️ 고펀딩: Variational SOL -0.0105%

🔍 펀딩비 조회 중... 14:19:42
=======================================================
코인      Hyperliquid     Pacifica  Variational
-------------------------------------------------------
BTC        +0.0013%     +0.0015%     +0.0080%
ETH        +0.0013%     +0.0015%     +0.0089%
SOL        +0.0013%     +0.0007%     -0.0103%
=======================================================
⚠️ 고펀딩: Variational SOL -0.0103%

🔍 펀딩비 조회 중... 14:24:44
=======================================================
코인      Hyperliquid     Pacifica  Variational
-------------------------------------------------------
BTC        +0.0013%     +0.0015%     +0.0083%
ETH        +0.0013%     +0.0015%     +0.0089%
SOL        +0.0013%     +0.0007%     -0.0106%
=======================================================
⚠️ 고펀딩: Variational SOL -0.0106%

🔍 펀딩비 조회 중... 14:29:46
=======================================================
코인      Hyperliquid     Pacifica  Variational
-------------------------------------------------------
BTC        +0.0013%     +0.0015%     +0.0087%
ETH        +0.0013%     +0.0015%     +0.0090%
SOL        +0.0013%     +0.0007%     -0.0107%
=======================================================
⚠️ 고펀딩: Variational SOL -0.0107%

🔍 펀딩비 조회 중... 14:34:48
=======================================================
코인      Hyperliquid     Pacifica  Variational
-------------------------------------------------------
BTC        +0.0013%     +0.0015%     +0.0089%
ETH        +0.0013%     +0.0015%     +0.0091%
SOL        +0.0013%     +0.0007%     -0.0109%
=======================================================
⚠️ 고펀딩: Variational SOL -0.0109%

🔍 펀딩비 조회 중... 14:39:50
=======================================================
코인      Hyperliquid     Pacifica  Variational
-------------------------------------------------------
BTC        +0.0013%     +0.0015%     +0.0090%
ETH        +0.0013%     +0.0015%     +0.0091%
SOL        +0.0013%     +0.0007%     -0.0110%
=======================================================
⚠️ 고펀딩: Variational SOL -0.0110%

🔍 펀딩비 조회 중... 14:44:52
=======================================================
코인      Hyperliquid     Pacifica  Variational
-------------------------------------------------------
BTC        +0.0013%     +0.0015%     +0.0094%
ETH        +0.0013%     +0.0015%     +0.0092%
SOL        +0.0013%     +0.0007%     -0.0107%
=======================================================
⚠️ 고펀딩: Variational SOL -0.0107%

🔍 펀딩비 조회 중... 15:45:34
Hyperliquid 오류: <urlopen error [Errno 8] nodename nor servname provided, or not known>
Pacifica BTC 오류: <urlopen error [Errno 8] nodename nor servname provided, or not known>
Pacifica ETH 오류: <urlopen error [Errno 8] nodename nor servname provided, or not known>
Pacifica SOL 오류: <urlopen error [Errno 8] nodename nor servname provided, or not known>
Variational 오류: <urlopen error [Errno 8] nodename nor servname provided, or not known>
=======================================================
코인      Hyperliquid     Pacifica  Variational
-------------------------------------------------------
=======================================================
✅ 특이사항 없음

🔍 펀딩비 조회 중... 18:58:34
=======================================================
코인      Hyperliquid     Pacifica  Variational
-------------------------------------------------------
BTC        +0.0013%     +0.0015%     +0.0137%
ETH        +0.0013%     -0.0005%     +0.0122%
SOL        +0.0013%     +0.0015%     -0.0066%
=======================================================
⚠️ 고펀딩: Variational BTC +0.0137%
⚠️ 고펀딩: Variational ETH +0.0122%

🔍 펀딩비 조회 중... 20:01:29
=======================================================
코인      Hyperliquid     Pacifica  Variational
-------------------------------------------------------
BTC        +0.0013%     +0.0014%     +0.0137%
ETH        +0.0013%     +0.0010%     +0.0137%
SOL        +0.0013%     -0.0006%     -0.0061%
=======================================================
⚠️ 고펀딩: Variational ETH +0.0137%
⚠️ 고펀딩: Variational BTC +0.0137%

🔍 펀딩비 조회 중... 20:06:32
=======================================================
코인      Hyperliquid     Pacifica  Variational
-------------------------------------------------------
BTC        +0.0013%     +0.0014%     +0.0137%
ETH        +0.0013%     +0.0010%     +0.0137%
SOL        +0.0013%     -0.0006%     -0.0059%
=======================================================
⚠️ 고펀딩: Variational ETH +0.0137%
⚠️ 고펀딩: Variational BTC +0.0137%

🔍 펀딩비 조회 중... 22:42:26
=======================================================
코인      Hyperliquid     Pacifica  Variational
-------------------------------------------------------
BTC        +0.0013%     +0.0015%     +0.0137%
ETH        +0.0013%     +0.0014%     +0.0137%
SOL        +0.0013%     -0.0004%     +0.0010%
=======================================================
⚠️ 고펀딩: Variational BTC +0.0137%
⚠️ 고펀딩: Variational ETH +0.0137%

🔍 펀딩비 조회 중... 22:47:29
=======================================================
코인      Hyperliquid     Pacifica  Variational
-------------------------------------------------------
BTC        +0.0013%     +0.0015%     +0.0137%
ETH        +0.0013%     +0.0014%     +0.0137%
SOL        +0.0013%     -0.0004%     +0.0010%
=======================================================
⚠️ 고펀딩: Variational BTC +0.0137%
⚠️ 고펀딩: Variational ETH +0.0137%

🔍 펀딩비 조회 중... 22:52:32
=======================================================
코인      Hyperliquid     Pacifica  Variational
-------------------------------------------------------
BTC        +0.0013%     +0.0015%     +0.0137%
ETH        +0.0013%     +0.0014%     +0.0137%
SOL        +0.0013%     -0.0004%     +0.0011%
=======================================================
⚠️ 고펀딩: Variational ETH +0.0137%
⚠️ 고펀딩: Variational BTC +0.0137%

🔍 펀딩비 조회 중... 22:57:35
=======================================================
코인      Hyperliquid     Pacifica  Variational
-------------------------------------------------------
BTC        +0.0013%     +0.0015%     +0.0137%
ETH        +0.0013%     +0.0014%     +0.0137%
SOL        +0.0013%     -0.0004%     +0.0011%
=======================================================
⚠️ 고펀딩: Variational BTC +0.0137%
⚠️ 고펀딩: Variational ETH +0.0137%

🔍 펀딩비 조회 중... 23:02:38
=======================================================
코인      Hyperliquid     Pacifica  Variational
-------------------------------------------------------
BTC        +0.0013%     +0.0015%     +0.0137%
ETH        +0.0013%     +0.0014%     +0.0137%
SOL        +0.0013%     -0.0003%     +0.0010%
=======================================================
⚠️ 고펀딩: Variational ETH +0.0137%
⚠️ 고펀딩: Variational BTC +0.0137%

🔍 펀딩비 조회 중... 23:07:41
=======================================================
코인      Hyperliquid     Pacifica  Variational
-------------------------------------------------------
BTC        +0.0013%     +0.0015%     +0.0137%
ETH        +0.0013%     +0.0014%     +0.0137%
SOL        +0.0013%     -0.0003%     +0.0010%
=======================================================
⚠️ 고펀딩: Variational BTC +0.0137%
⚠️ 고펀딩: Variational ETH +0.0137%

🔍 펀딩비 조회 중... 23:12:44
=======================================================
코인      Hyperliquid     Pacifica  Variational
-------------------------------------------------------
BTC        +0.0013%     +0.0015%     +0.0137%
ETH        +0.0013%     +0.0014%     +0.0137%
SOL        +0.0013%     -0.0003%     +0.0011%
=======================================================
⚠️ 고펀딩: Variational ETH +0.0137%
⚠️ 고펀딩: Variational BTC +0.0137%

🔍 펀딩비 조회 중... 23:17:48
=======================================================
코인      Hyperliquid     Pacifica  Variational
-------------------------------------------------------
BTC        +0.0013%     +0.0015%     +0.0137%
ETH        +0.0013%     +0.0014%     +0.0137%
SOL        +0.0013%     -0.0003%     +0.0012%
=======================================================
⚠️ 고펀딩: Variational BTC +0.0137%
⚠️ 고펀딩: Variational ETH +0.0137%

🔍 펀딩비 조회 중... 23:22:50
=======================================================
코인      Hyperliquid     Pacifica  Variational
-------------------------------------------------------
BTC        +0.0013%     +0.0015%     +0.0137%
ETH        +0.0013%     +0.0014%     +0.0137%
SOL        +0.0013%     -0.0003%     +0.0013%
=======================================================
⚠️ 고펀딩: Variational BTC +0.0137%
⚠️ 고펀딩: Variational ETH +0.0137%

🔍 펀딩비 조회 중... 23:27:54
=======================================================
코인      Hyperliquid     Pacifica  Variational
-------------------------------------------------------
BTC        +0.0013%     +0.0015%     +0.0137%
ETH        +0.0013%     +0.0014%     +0.0137%
SOL        +0.0013%     -0.0003%     +0.0013%
=======================================================
⚠️ 고펀딩: Variational ETH +0.0137%
⚠️ 고펀딩: Variational BTC +0.0137%

🔍 펀딩비 조회 중... 23:32:57
=======================================================
코인      Hyperliquid     Pacifica  Variational
-------------------------------------------------------
BTC        +0.0013%     +0.0015%     +0.0137%
ETH        +0.0013%     +0.0014%     +0.0137%
SOL        +0.0013%     -0.0003%     +0.0015%
=======================================================
⚠️ 고펀딩: Variational ETH +0.0137%
⚠️ 고펀딩: Variational BTC +0.0137%

🔍 펀딩비 조회 중... 23:38:00
=======================================================
코인      Hyperliquid     Pacifica  Variational
-------------------------------------------------------
BTC        +0.0013%     +0.0015%     +0.0137%
ETH        +0.0013%     +0.0014%     +0.0137%
SOL        +0.0013%     -0.0003%     +0.0014%
=======================================================
⚠️ 고펀딩: Variational ETH +0.0137%
⚠️ 고펀딩: Variational BTC +0.0137%

🔍 펀딩비 조회 중... 23:43:03
=======================================================
코인      Hyperliquid     Pacifica  Variational
-------------------------------------------------------
BTC        +0.0013%     +0.0015%     +0.0137%
ETH        +0.0013%     +0.0014%     +0.0137%
SOL        +0.0013%     -0.0003%     +0.0012%
=======================================================
⚠️ 고펀딩: Variational ETH +0.0137%
⚠️ 고펀딩: Variational BTC +0.0137%

🔍 펀딩비 조회 중... 23:48:06
=======================================================
코인      Hyperliquid     Pacifica  Variational
-------------------------------------------------------
BTC        +0.0013%     +0.0015%     +0.0137%
ETH        +0.0013%     +0.0014%     +0.0137%
SOL        +0.0013%     -0.0003%     +0.0009%
=======================================================
⚠️ 고펀딩: Variational BTC +0.0137%
⚠️ 고펀딩: Variational ETH +0.0137%

🔍 펀딩비 조회 중... 23:53:09
=======================================================
코인      Hyperliquid     Pacifica  Variational
-------------------------------------------------------
BTC        +0.0013%     +0.0015%     +0.0137%
ETH        +0.0013%     +0.0014%     +0.0137%
SOL        +0.0013%     -0.0003%     +0.0007%
=======================================================
⚠️ 고펀딩: Variational ETH +0.0137%
⚠️ 고펀딩: Variational BTC +0.0137%

🔍 펀딩비 조회 중... 23:58:12
=======================================================
코인      Hyperliquid     Pacifica  Variational
-------------------------------------------------------
BTC        +0.0013%     +0.0015%     +0.0137%
ETH        +0.0013%     +0.0014%     +0.0137%
SOL        +0.0013%     -0.0003%     +0.0005%
=======================================================
⚠️ 고펀딩: Variational ETH +0.0137%
⚠️ 고펀딩: Variational BTC +0.0137%

🔍 펀딩비 조회 중... 00:03:15
=======================================================
코인      Hyperliquid     Pacifica  Variational
-------------------------------------------------------
BTC        +0.0013%     +0.0015%     +0.0137%
ETH        +0.0013%     +0.0010%     +0.0137%
SOL        +0.0013%     +0.0007%     +0.0001%
=======================================================
⚠️ 고펀딩: Variational BTC +0.0137%
⚠️ 고펀딩: Variational ETH +0.0137%

🔍 펀딩비 조회 중... 00:08:19
=======================================================
코인      Hyperliquid     Pacifica  Variational
-------------------------------------------------------
BTC        +0.0013%     +0.0015%     +0.0137%
ETH        +0.0013%     +0.0010%     +0.0137%
SOL        +0.0013%     +0.0007%     +0.0001%
=======================================================
⚠️ 고펀딩: Variational ETH +0.0137%
⚠️ 고펀딩: Variational BTC +0.0137%

🔍 펀딩비 조회 중... 00:13:21
=======================================================
코인      Hyperliquid     Pacifica  Variational
-------------------------------------------------------
BTC        +0.0013%     +0.0015%     +0.0137%
ETH        +0.0013%     +0.0010%     +0.0137%
SOL        +0.0013%     +0.0007%     +0.0003%
=======================================================
⚠️ 고펀딩: Variational BTC +0.0137%
⚠️ 고펀딩: Variational ETH +0.0137%

🔍 펀딩비 조회 중... 00:18:24
=======================================================
코인      Hyperliquid     Pacifica  Variational
-------------------------------------------------------
BTC        +0.0013%     +0.0015%     +0.0137%
ETH        +0.0013%     +0.0010%     +0.0137%
SOL        +0.0013%     +0.0007%     +0.0003%
=======================================================
⚠️ 고펀딩: Variational BTC +0.0137%
⚠️ 고펀딩: Variational ETH +0.0137%

🔍 펀딩비 조회 중... 00:23:27
=======================================================
코인      Hyperliquid     Pacifica  Variational
-------------------------------------------------------
BTC        +0.0013%     +0.0015%     +0.0137%
ETH        +0.0013%     +0.0010%     +0.0137%
SOL        +0.0013%     +0.0007%     +0.0005%
=======================================================
⚠️ 고펀딩: Variational ETH +0.0137%
⚠️ 고펀딩: Variational BTC +0.0137%

🔍 펀딩비 조회 중... 00:28:30
=======================================================
코인      Hyperliquid     Pacifica  Variational
-------------------------------------------------------
BTC        +0.0013%     +0.0015%     +0.0137%
ETH        +0.0013%     +0.0010%     +0.0137%
SOL        +0.0013%     +0.0007%     +0.0005%
=======================================================
⚠️ 고펀딩: Variational ETH +0.0137%
⚠️ 고펀딩: Variational BTC +0.0137%

🔍 펀딩비 조회 중... 00:33:33
=======================================================
코인      Hyperliquid     Pacifica  Variational
-------------------------------------------------------
BTC        +0.0013%     +0.0015%     +0.0137%
ETH        +0.0013%     +0.0010%     +0.0137%
SOL        +0.0013%     +0.0007%     +0.0006%
=======================================================
⚠️ 고펀딩: Variational ETH +0.0137%
⚠️ 고펀딩: Variational BTC +0.0137%

🔍 펀딩비 조회 중... 00:38:36
=======================================================
코인      Hyperliquid     Pacifica  Variational
-------------------------------------------------------
BTC        +0.0013%     +0.0015%     +0.0137%
ETH        +0.0013%     +0.0010%     +0.0137%
SOL        +0.0013%     +0.0007%     +0.0008%
=======================================================
⚠️ 고펀딩: Variational BTC +0.0137%
⚠️ 고펀딩: Variational ETH +0.0137%

🔍 펀딩비 조회 중... 00:43:39
=======================================================
코인      Hyperliquid     Pacifica  Variational
-------------------------------------------------------
BTC        +0.0013%     +0.0015%     +0.0137%
ETH        +0.0013%     +0.0010%     +0.0137%
SOL        +0.0013%     +0.0007%     +0.0011%
=======================================================
⚠️ 고펀딩: Variational ETH +0.0137%
⚠️ 고펀딩: Variational BTC +0.0137%

🔍 펀딩비 조회 중... 00:48:42
=======================================================
코인      Hyperliquid     Pacifica  Variational
-------------------------------------------------------
BTC        +0.0013%     +0.0015%     +0.0137%
ETH        +0.0013%     +0.0010%     +0.0137%
SOL        +0.0013%     +0.0007%     +0.0014%
=======================================================
⚠️ 고펀딩: Variational ETH +0.0137%
⚠️ 고펀딩: Variational BTC +0.0137%

🔍 펀딩비 조회 중... 00:53:45
=======================================================
코인      Hyperliquid     Pacifica  Variational
-------------------------------------------------------
BTC        +0.0013%     +0.0015%     +0.0137%
ETH        +0.0013%     +0.0010%     +0.0137%
SOL        +0.0013%     +0.0007%     +0.0012%
=======================================================
⚠️ 고펀딩: Variational BTC +0.0137%
⚠️ 고펀딩: Variational ETH +0.0137%

🔍 펀딩비 조회 중... 00:58:48
=======================================================
코인      Hyperliquid     Pacifica  Variational
-------------------------------------------------------
BTC        +0.0013%     +0.0015%     +0.0137%
ETH        +0.0013%     +0.0010%     +0.0137%
SOL        +0.0013%     +0.0007%     +0.0014%
=======================================================
⚠️ 고펀딩: Variational BTC +0.0137%
⚠️ 고펀딩: Variational ETH +0.0137%

🔍 펀딩비 조회 중... 01:03:51
=======================================================
코인      Hyperliquid     Pacifica  Variational
-------------------------------------------------------
BTC        +0.0013%     +0.0015%     +0.0137%
ETH        +0.0013%     +0.0015%     +0.0137%
SOL        +0.0013%     +0.0011%     +0.0014%
=======================================================
⚠️ 고펀딩: Variational ETH +0.0137%
⚠️ 고펀딩: Variational BTC +0.0137%

🔍 펀딩비 조회 중... 01:08:54
=======================================================
코인      Hyperliquid     Pacifica  Variational
-------------------------------------------------------
BTC        +0.0013%     +0.0015%     +0.0137%
ETH        +0.0013%     +0.0015%     +0.0137%
SOL        +0.0013%     +0.0011%     +0.0014%
=======================================================
⚠️ 고펀딩: Variational BTC +0.0137%
⚠️ 고펀딩: Variational ETH +0.0137%

🔍 펀딩비 조회 중... 01:13:57
=======================================================
코인      Hyperliquid     Pacifica  Variational
-------------------------------------------------------
BTC        +0.0013%     +0.0015%     +0.0137%
ETH        +0.0013%     +0.0015%     +0.0137%
SOL        +0.0013%     +0.0011%     +0.0012%
=======================================================
⚠️ 고펀딩: Variational BTC +0.0137%
⚠️ 고펀딩: Variational ETH +0.0137%

🔍 펀딩비 조회 중... 01:19:01
=======================================================
코인      Hyperliquid     Pacifica  Variational
-------------------------------------------------------
BTC        +0.0013%     +0.0015%     +0.0137%
ETH        +0.0013%     +0.0015%     +0.0137%
SOL        +0.0013%     +0.0011%     +0.0011%
=======================================================
⚠️ 고펀딩: Variational BTC +0.0137%
⚠️ 고펀딩: Variational ETH +0.0137%

🔍 펀딩비 조회 중... 01:24:03
=======================================================
코인      Hyperliquid     Pacifica  Variational
-------------------------------------------------------
BTC        +0.0013%     +0.0015%     +0.0137%
ETH        +0.0013%     +0.0015%     +0.0137%
SOL        +0.0013%     +0.0011%     +0.0012%
=======================================================
⚠️ 고펀딩: Variational ETH +0.0137%
⚠️ 고펀딩: Variational BTC +0.0137%

🔍 펀딩비 조회 중... 01:29:07
=======================================================
코인      Hyperliquid     Pacifica  Variational
-------------------------------------------------------
BTC        +0.0013%     +0.0015%     +0.0137%
ETH        +0.0013%     +0.0015%     +0.0137%
SOL        +0.0013%     +0.0011%     +0.0010%
=======================================================
⚠️ 고펀딩: Variational BTC +0.0137%
⚠️ 고펀딩: Variational ETH +0.0137%

🔍 펀딩비 조회 중... 04:34:22
Hyperliquid 오류: <urlopen error [Errno 65] No route to host>
Pacifica BTC 오류: <urlopen error [Errno 65] No route to host>
Pacifica ETH 오류: <urlopen error [Errno 65] No route to host>
Pacifica SOL 오류: <urlopen error [Errno 65] No route to host>
Variational 오류: <urlopen error [Errno 65] No route to host>
=======================================================
코인      Hyperliquid     Pacifica  Variational
-------------------------------------------------------
=======================================================
✅ 특이사항 없음

🔍 펀딩비 조회 중... 08:55:13
Hyperliquid 오류: <urlopen error [Errno 65] No route to host>
Pacifica BTC 오류: <urlopen error [Errno 65] No route to host>
Pacifica ETH 오류: <urlopen error [Errno 65] No route to host>
Pacifica SOL 오류: <urlopen error [Errno 65] No route to host>
Variational 오류: <urlopen error [Errno 65] No route to host>
=======================================================
코인      Hyperliquid     Pacifica  Variational
-------------------------------------------------------
=======================================================
✅ 특이사항 없음
